Mon Feb 26 00:23:28 PST 2018
xs-0012
loading modules ... done!
activating python virtualenv ... done!
---log system information---
num_cpus 5
Mon Feb 26 00:23:29 2018       
+-----------------------------------------------------------------------------+
| NVIDIA-SMI 375.66                 Driver Version: 375.66                    |
|-------------------------------+----------------------+----------------------+
| GPU  Name        Persistence-M| Bus-Id        Disp.A | Volatile Uncorr. ECC |
| Fan  Temp  Perf  Pwr:Usage/Cap|         Memory-Usage | GPU-Util  Compute M. |
|===============================+======================+======================|
|   0  Tesla K80           On   | 0000:10:00.0     Off |                    0 |
| N/A   47C    P8    27W / 149W |      0MiB / 11439MiB |      0%   E. Process |
+-------------------------------+----------------------+----------------------+
|   1  Tesla K80           On   | 0000:11:00.0     Off |                    0 |
| N/A   40C    P8    28W / 149W |      0MiB / 11439MiB |      0%   E. Process |
+-------------------------------+----------------------+----------------------+
|   2  Tesla K80           On   | 0000:14:00.0     Off |                    0 |
| N/A   45C    P8    26W / 149W |      0MiB / 11439MiB |      0%   E. Process |
+-------------------------------+----------------------+----------------------+
|   3  Tesla K80           On   | 0000:15:00.0     Off |                    0 |
| N/A   41C    P8    29W / 149W |      0MiB / 11439MiB |      0%   E. Process |
+-------------------------------+----------------------+----------------------+
                                                                               
+-----------------------------------------------------------------------------+
| Processes:                                                       GPU Memory |
|  GPU       PID  Type  Process name                               Usage      |
|=============================================================================|
|  No running processes found                                                 |
+-----------------------------------------------------------------------------+
df: `/etc/nhc/nhc.conf': Permission denied
df: `/root/.ssh/authorized_keys': Permission denied
df: `/root/.ssh/config': Permission denied
df: `/root/.ssh/id_rsa': Permission denied
df: `/root/.ssh/id_rsa.pub': Permission denied
df: `/root/.ssh/known_hosts': Permission denied
Filesystem           Type    Size  Used Avail Use% Mounted on
rootfs               rootfs   16G  6.3G  8.8G  42% /
none                 tmpfs   200M   30M  171M  15% /.ace
/dev/shm             tmpfs   126G   22M  126G   1% /.ace/tmp
/dev/gnbd/xs.1.119   ext3     16G  6.3G  8.8G  42% /
none                 tmpfs   126G  700K  126G   1% /dev
10.10.0.3:/ha_cluster
                     nfs     2.5T  1.1T  1.5T  42% /.ace/ha_cluster
none                 tmpfs   200M  158M   43M  79% /.ace/tmpfs
/dev/shm             tmpfs   126G  8.0K  126G   1% /tmp
10.10.0.3:/ha_cluster
                     nfs     126G   64M  126G   1% /var/lib/ntp
10.10.0.3:/ha_cluster
                     nfs     2.5T  1.1T  1.5T  42% /var/lib/dhcpd
none                 tmpfs   200M  158M   43M  79% /cgroup
none                 tmpfs   200M  158M   43M  79% /etc/adjtime
none                 tmpfs   200M  158M   43M  79% /etc/shine
none                 tmpfs   200M  158M   43M  79% /etc/sysconfig/lm_sensors
none                 tmpfs   200M  158M   43M  79% /etc/infiniband
none                 tmpfs   200M  158M   43M  79% /etc/udev
none                 tmpfs   200M  158M   43M  79% /etc/modprobe.d
none                 tmpfs   200M  158M   43M  79% /var/cache
none                 tmpfs   200M  158M   43M  79% /var/tmp
none                 tmpfs   200M  158M   43M  79% /var/lock
none                 tmpfs   200M  158M   43M  79% /var/run
none                 tmpfs   200M  158M   43M  79% /var/spool
none                 tmpfs   200M  158M   43M  79% /var/log
none                 tmpfs   200M  158M   43M  79% /var/lib/logrotate.status
none                 tmpfs   200M  158M   43M  79% /var/lib/random-seed
none                 tmpfs   200M  158M   43M  79% /var/lib/nfs
none                 tmpfs   200M  158M   43M  79% /root
none                 tmpfs   200M  158M   43M  79% /mnt
10.10.0.3:/ha_cluster
                     nfs     2.5T  1.1T  1.5T  42% /opt
none                 tmpfs   200M  158M   43M  79% /etc/rc.d/rc.sysinit
none                 tmpfs   200M  158M   43M  79% /etc/rwtab
none                 tmpfs   200M  158M   43M  79% /etc/yum.conf
none                 tmpfs   200M  158M   43M  79% /etc/sysconfig/readonly-root
none                 tmpfs   200M   30M  171M  15% /sbin/lvm.static
none                 tmpfs   200M   30M  171M  15% /etc/rc.d/rc.local
none                 tmpfs   200M   30M  171M  15% /sbin/killall5
none                 tmpfs   126G   64M  126G   1% /var/lib/stateless/writable
none                 tmpfs   126G   64M  126G   1% /var/lib/xkb
none                 tmpfs   126G   64M  126G   1% /var/lib/dbus
none                 tmpfs   126G   64M  126G   1% /var/lib/dav
none                 tmpfs   126G   64M  126G   1% /var/lib/dhclient
none                 tmpfs   126G   64M  126G   1% /var/lib/pulse
none                 tmpfs   126G   64M  126G   1% /media
none                 tmpfs   126G   64M  126G   1% /etc/resolv.conf
none                 tmpfs   126G   64M  126G   1% /etc/lvm/archive
none                 tmpfs   126G   64M  126G   1% /etc/lvm/backup
none                 tmpfs   126G   64M  126G   1% /var/account
none                 tmpfs   126G   64M  126G   1% /var/lib/iscsi
none                 tmpfs   126G   64M  126G   1% /var/lib/ntp
none                 tmpfs   126G   64M  126G   1% /var/lib/sss
none                 tmpfs   126G     0  126G   0% /dev/shm
10.10.0.3:/export/home
                     nfs     3.3T  2.6T  719G  79% /home
10.10.0.3:/export/global
                     nfs     3.3T  2.6T  719G  79% /global
/dev/md1             xfs     447G   21G  427G   5% /lstor
10.12.0.53@o2ib:10.12.0.54@o2ib:/snx11140
                     lustre  1.4P  267T  1.1P  20% /cstor
10.0.2.51@o2ib5:10.0.2.52@o2ib5:/oak
                     lustre  4.8P  1.8P  3.0P  38% /oak
             total       used       free     shared    buffers     cached
Mem:          251G       174G        76G       289M       7.1M       126G
-/+ buffers/cache:        47G       203G
Swap:           0B         0B         0B
done!
creating data dir /lstor/jemmons/1080965 ... done!
Mon Feb 26 00:23:29 PST 2018
extracting data into dir: /lstor/jemmons/1080965 ... 